#More on Virtual environments

--Examples of Python libraries
#1 Requests (to make http requests)
https://pypi.org/project/Requests

#2 flask (to create web applications)
https://flask.palletsprojects.com/en/1.1.x/

Others
TensorFlow, NumPy, Pandas, PyTorch,scikit-learn, SciPy, theano etc

Libraries change over time, newer versions come into usage and thus our code/project may get affected.
With virtual environments we can have different versions of same library being used for different purpose/codes/projects.

Every virtual environment has a python version on which it runs.
Every virtual vironment has a folder of all third party libraries that are installed within.

--create a new project say in vscode <Mytestproject>
--create a sample py file - app.py
(in beginning it might complain about no python interpreter being selected, which we need to select)
we can then create a virtual environment and let our project use it.

in app.py

import sys
print(sys.path)


Open a terminal while being within project folder
PS C:\Users\Ajay kumar\Downloads\Mytestproject>

PS C:\Users\Ajay kumar\Downloads\Mytestproject> python app.py  
['C:\\Users\\Ajay kumar\\Downloads\\Mytestproject', 
'C:\\Users\\Ajay kumar\\AppData\\Local\\Programs\\Python\\Python38\\python38.zip', 
'C:\\Users\\Ajay kumar\\AppData\\Local\\Programs\\Python\\Python38\\DLLs', 
'C:\\Users\\Ajay kumar\\AppData\\Local\\Programs\\Python\\Python38\\lib', 
'C:\\Users\\Ajay kumar\\AppData\\Local\\Programs\\Python\\Python38', 
'C:\\Users\\Ajay kumar\\AppData\\Local\\Programs\\Python\\Python38\\lib\\site-packages']

If python finds the required package in one of these folders it will continue or report an error.

--now creating a new virtual environment for this project
C:\Users\Ajay kumar\Downloads\Mytestproject>python -m venv myprojenv

--look into the folder structure <myprojenv/lib>

--checking python version
PS C:\Users\Ajay kumar\Downloads\Mytestproject> python -V
Python 3.8.0

--if python virtual environment was created with a different version, we would see that here
PS C:\Users\Ajay kumar\Downloads\Mytestproject> .\myprojenv\Scripts\python.exe -V
Python 3.8.0

C:\Users\Ajay kumar\Downloads\Mytestproject>myprojenv\Scripts\activate.bat

(myprojenv) C:\Users\Ajay kumar\Downloads\Mytestproject>pip list
Package    Version
---------- -------
pip        19.2.3
setuptools 41.2.0

(myprojenv) C:\Users\Ajay kumar\Downloads\Mytestproject>pip install flask

(myprojenv) C:\Users\Ajay kumar\Downloads\Mytestproject>pip list
Package            Version
------------------ -------
blinker            1.8.2
click              8.1.7
colorama           0.4.6
flask              3.0.3
importlib-metadata 8.5.0
itsdangerous       2.2.0
jinja2             3.1.4
MarkupSafe         2.1.5
pip                19.2.3
setuptools         41.2.0
werkzeug           3.0.6
zipp               3.20.2

(myprojenv) C:\Users\Ajay kumar\Downloads\Mytestproject>echo %PATH%
C:\Users\Ajay kumar\Downloads\Mytestproject\myprojenv\Scripts;
C:\Program Files (x86)\Common Files\Oracle\Java\javapath;
C:\Java\jdk1.8.0_341\bin;C:\WINDOWS\system32;C:\WINDOWS;
C:\WINDOWS\System32\Wbem;C:\WINDOWS\System32\WindowsPowerShell\v1.0\;
C:\WINDOWS\System32\OpenSSH\;
C:\Users\Ajay kumar\AppData\Roaming\Microsoft\Windows\Start Menu\Programs\Python 3.7;
C:\Program Files\Git\cmd;C:\Program Files\PuTTY\;C:\Program Files\Azure Data Studio\bin;
C:\Java\jre1.8.0_341\bin;C:\hadoop-2.7.2\bin;C:\spark-2.4.3-bin-hadoop2.7\bin;
C:\ProgramData\chocolatey\bin;C:\Kafka\kafka_2.13-2.8.1\bin;
C:\Users\Ajay kumar\AppData\Local\Programs\Python\Python38\Scripts\;
C:\Users\Ajay kumar\AppData\Local\Programs\Python\Python38\;
C:\Users\Ajay kumar\AppData\Local\Microsoft\WindowsApps;
C:\Program Files\JetBrains\PyCharm Community Edition 2022.3.1\bin;
C:\Users\Ajay kumar\AppData\Local\Coursier\data\bin;
C:\Users\Ajay kumar\AppData\Local\Microsoft\WindowsApps;
C:\Users\Ajay kumar\AppData\Local\Programs\Microsoft VS Code\bin

--DEACTIVATE virtualenv and check path
(myprojenv) C:\Users\Ajay kumar\Downloads\Mytestproject>deactivate
C:\Users\Ajay kumar\Downloads\Mytestproject>echo %PATH%
C:\Program Files (x86)\Common Files\Oracle\Java\javapath;
C:\Java\jdk1.8.0_341\bin;C:\WINDOWS\system32;C:\WINDOWS;
C:\WINDOWS\System32\Wbem;C:\WINDOWS\System32\WindowsPowerShell\v1.0\;
C:\WINDOWS\System32\OpenSSH\;C:\Users\Ajay kumar\AppData\Roaming\Microsoft\Windows\Start Menu\Programs\Python 3.7;
C:\Program Files\Git\cmd;C:\Program Files\PuTTY\;C:\Program Files\Azure Data Studio\bin;C:\Java\jre1.8.0_341\bin;
C:\hadoop-2.7.2\bin;C:\spark-2.4.3-bin-hadoop2.7\bin;C:\ProgramData\chocolatey\bin;
C:\Kafka\kafka_2.13-2.8.1\bin;C:\Users\Ajay kumar\AppData\Local\Programs\Python\Python38\Scripts\;
C:\Users\Ajay kumar\AppData\Local\Programs\Python\Python38\;
C:\Users\Ajay kumar\AppData\Local\Microsoft\WindowsApps;
C:\Program Files\JetBrains\PyCharm Community Edition 2022.3.1\bin;
C:\Users\Ajay kumar\AppData\Local\Coursier\data\bin;
C:\Users\Ajay kumar\AppData\Local\Microsoft\WindowsApps;
C:\Users\Ajay kumar\AppData\Local\Programs\Microsoft VS Code\bin

--ACTIVATE AGAIN
(myprojenv) C:\Users\Ajay kumar\Downloads\Mytestproject>pip freeze > requirements.txt

(myprojenv) C:\Users\Ajay kumar\Downloads\Mytestproject>notepad requirements.txt

--testing different package which doesnt exist
(myprojenv) C:\Users\Ajay kumar\Downloads\Mytestproject>notepad app2.py

in app2.py 
[import pandas]

(myprojenv) C:\Users\Ajay kumar\Downloads\Mytestproject>python app2.py
Traceback (most recent call last):
  File "app2.py", line 1, in <module>
    import pandas as pd
ModuleNotFoundError: No module named 'pandas'

--update requirements.txt
with package required say pandas

(myprojenv) C:\Users\Ajay kumar\Downloads\Mytestproject>pip install -r requirements.txt

(myprojenv) C:\Users\Ajay kumar\Downloads\Mytestproject>pip list
(myprojenv) C:\Users\Ajay kumar\Downloads\Mytestproject>pip list
Package            Version
------------------ -----------
blinker            1.8.2
click              8.1.7
colorama           0.4.6
Flask              3.0.3
importlib_metadata 8.5.0
itsdangerous       2.2.0
Jinja2             3.1.4
MarkupSafe         2.1.5
numpy              1.24.4
packaging          24.1
pandas             2.0.3
pip                24.3
pip-review         1.3.0
python-dateutil    2.9.0.post0
pytz               2024.2
setuptools         75.2.0
six                1.16.0
tzdata             2024.2
Werkzeug           3.0.6
zipp               3.20.2

(myprojenv) C:\Users\Ajay kumar\Downloads\Mytestproject>python app2.py







